//for pushing to main/master:
git status
git add .
git commit -m "some notes about the commit"
git push   OR git push origin main


for pulling from main /master:
git pull origin main
------------------------------------------------------------
Windows PowerShell
Copyright (C) Microsoft Corporation. All rights reserved.

Try the new cross-platform PowerShell https://aka.ms/pscore6

PS C:\Users\noamh\eclipse-workspace\Scrable> git good
git: 'good' is not a git command. See 'git --help'.

The most similar command is
        hook
PS C:\Users\noamh\eclipse-workspace\Scrable> git staus
git: 'staus' is not a git command. See 'git --help'.

The most similar command is
        status
PS C:\Users\noamh\eclipse-workspace\Scrable> git status
On branch main
Your branch is up to date with 'origin/main'.

Changes not staged for commit:
  (use "git add <file>..." to update what will be committed)
  (use "git restore <file>..." to discard changes in working directory)
        modified:   ssssssss.txt

Untracked files:
  (use "git add <file>..." to include in what will be committed)
        gitScript.txt

no changes added to commit (use "git add" and/or "git commit -a")
PS C:\Users\noamh\eclipse-workspace\Scrable> git status
On branch main
Your branch is up to date with 'origin/main'.

Changes not staged for commit:
  (use "git add <file>..." to update what will be committed)
  (use "git restore <file>..." to discard changes in working directory)
        modified:   ssssssss.txt

Untracked files:
  (use "git add <file>..." to include in what will be committed)
        gitScript.txt

no changes added to commit (use "git add" and/or "git commit -a")
PS C:\Users\noamh\eclipse-workspace\Scrable> git add .
PS C:\Users\noamh\eclipse-workspace\Scrable> git status
On branch main
Your branch is up to date with 'origin/main'.

Changes to be committed:
  (use "git restore --staged <file>..." to unstage)
        new file:   gitScript.txt
        modified:   ssssssss.txt

PS C:\Users\noamh\eclipse-workspace\Scrable> git commit
Aborting commit due to empty commit message.
PS C:\Users\noamh\eclipse-workspace\Scrable> git commit -m "Testing connection"
[main c4d4c3a] Testing connection
 2 files changed, 11 insertions(+)
 create mode 100644 gitScript.txt
PS C:\Users\noamh\eclipse-workspace\Scrable> git push origin main
Enumerating objects: 6, done.
Counting objects: 100% (6/6), done.
Delta compression using up to 4 threads
Compressing objects: 100% (4/4), done.
Writing objects: 100% (4/4), 472 bytes | 236.00 KiB/s, done.
Total 4 (delta 1), reused 0 (delta 0), pack-reused 0
remote: Resolving deltas: 100% (1/1), completed with 1 local object.
remote: This repository moved. Please use the new location:
remote:   https://github.com/Noam32/Scrabble.git
To https://github.com/Noam32/Scrable.git
   ddd08a1..c4d4c3a  main -> main
PS C:\Users\noamh\eclipse-workspace\Scrable>



